------------------------------------------------------------
TimeQuest Timing Analyzer Summary
------------------------------------------------------------

Type  : Slow 1200mV 85C Model Setup 'D5MPIXCLK'
Slack : 0.101
TNS   : 0.000

Type  : Slow 1200mV 85C Model Setup 'clksrc|altpll_component|auto_generated|pll1|clk[0]'
Slack : 0.869
TNS   : 0.000

Type  : Slow 1200mV 85C Model Setup 'u6|altpll_component|auto_generated|pll1|clk[0]'
Slack : 1.723
TNS   : 0.000

Type  : Slow 1200mV 85C Model Setup 'CLK_50'
Slack : 14.057
TNS   : 0.000

Type  : Slow 1200mV 85C Model Setup 'u6|altpll_component|auto_generated|pll1|clk[3]'
Slack : 16.317
TNS   : 0.000

Type  : Slow 1200mV 85C Model Hold 'D5MPIXCLK'
Slack : -0.710
TNS   : -0.710

Type  : Slow 1200mV 85C Model Hold 'u6|altpll_component|auto_generated|pll1|clk[0]'
Slack : 0.296
TNS   : 0.000

Type  : Slow 1200mV 85C Model Hold 'clksrc|altpll_component|auto_generated|pll1|clk[0]'
Slack : 0.384
TNS   : 0.000

Type  : Slow 1200mV 85C Model Hold 'u6|altpll_component|auto_generated|pll1|clk[3]'
Slack : 0.387
TNS   : 0.000

Type  : Slow 1200mV 85C Model Hold 'CLK_50'
Slack : 0.402
TNS   : 0.000

Type  : Slow 1200mV 85C Model Recovery 'clksrc|altpll_component|auto_generated|pll1|clk[0]'
Slack : -2.886
TNS   : -381.781

Type  : Slow 1200mV 85C Model Recovery 'u6|altpll_component|auto_generated|pll1|clk[0]'
Slack : 3.191
TNS   : 0.000

Type  : Slow 1200mV 85C Model Recovery 'u6|altpll_component|auto_generated|pll1|clk[3]'
Slack : 13.191
TNS   : 0.000

Type  : Slow 1200mV 85C Model Recovery 'CLK_50'
Slack : 14.458
TNS   : 0.000

Type  : Slow 1200mV 85C Model Recovery 'D5MPIXCLK'
Slack : 15.577
TNS   : 0.000

Type  : Slow 1200mV 85C Model Removal 'CLK_50'
Slack : 1.626
TNS   : 0.000

Type  : Slow 1200mV 85C Model Removal 'D5MPIXCLK'
Slack : 2.317
TNS   : 0.000

Type  : Slow 1200mV 85C Model Removal 'u6|altpll_component|auto_generated|pll1|clk[0]'
Slack : 4.997
TNS   : 0.000

Type  : Slow 1200mV 85C Model Removal 'u6|altpll_component|auto_generated|pll1|clk[3]'
Slack : 5.026
TNS   : 0.000

Type  : Slow 1200mV 85C Model Removal 'clksrc|altpll_component|auto_generated|pll1|clk[0]'
Slack : 5.064
TNS   : 0.000

Type  : Slow 1200mV 85C Model Minimum Pulse Width 'clksrc|altpll_component|auto_generated|pll1|clk[0]'
Slack : 3.695
TNS   : 0.000

Type  : Slow 1200mV 85C Model Minimum Pulse Width 'u6|altpll_component|auto_generated|pll1|clk[0]'
Slack : 4.689
TNS   : 0.000

Type  : Slow 1200mV 85C Model Minimum Pulse Width 'CLK_50'
Slack : 9.685
TNS   : 0.000

Type  : Slow 1200mV 85C Model Minimum Pulse Width 'CLK2_50'
Slack : 9.819
TNS   : 0.000

Type  : Slow 1200mV 85C Model Minimum Pulse Width 'D5MPIXCLK'
Slack : 19.523
TNS   : 0.000

Type  : Slow 1200mV 85C Model Minimum Pulse Width 'u6|altpll_component|auto_generated|pll1|clk[3]'
Slack : 19.692
TNS   : 0.000

Type  : Slow 1200mV 85C Model Minimum Pulse Width 'D5MFVAL'
Slack : 6662.600
TNS   : 0.000

Type  : Slow 1200mV 0C Model Setup 'D5MPIXCLK'
Slack : 0.153
TNS   : 0.000

Type  : Slow 1200mV 0C Model Setup 'clksrc|altpll_component|auto_generated|pll1|clk[0]'
Slack : 1.599
TNS   : 0.000

Type  : Slow 1200mV 0C Model Setup 'u6|altpll_component|auto_generated|pll1|clk[0]'
Slack : 2.595
TNS   : 0.000

Type  : Slow 1200mV 0C Model Setup 'CLK_50'
Slack : 14.571
TNS   : 0.000

Type  : Slow 1200mV 0C Model Setup 'u6|altpll_component|auto_generated|pll1|clk[3]'
Slack : 16.663
TNS   : 0.000

Type  : Slow 1200mV 0C Model Hold 'D5MPIXCLK'
Slack : -0.648
TNS   : -0.648

Type  : Slow 1200mV 0C Model Hold 'u6|altpll_component|auto_generated|pll1|clk[0]'
Slack : 0.291
TNS   : 0.000

Type  : Slow 1200mV 0C Model Hold 'clksrc|altpll_component|auto_generated|pll1|clk[0]'
Slack : 0.337
TNS   : 0.000

Type  : Slow 1200mV 0C Model Hold 'u6|altpll_component|auto_generated|pll1|clk[3]'
Slack : 0.340
TNS   : 0.000

Type  : Slow 1200mV 0C Model Hold 'CLK_50'
Slack : 0.353
TNS   : 0.000

Type  : Slow 1200mV 0C Model Recovery 'clksrc|altpll_component|auto_generated|pll1|clk[0]'
Slack : -2.102
TNS   : -266.981

Type  : Slow 1200mV 0C Model Recovery 'u6|altpll_component|auto_generated|pll1|clk[0]'
Slack : 3.963
TNS   : 0.000

Type  : Slow 1200mV 0C Model Recovery 'u6|altpll_component|auto_generated|pll1|clk[3]'
Slack : 13.963
TNS   : 0.000

Type  : Slow 1200mV 0C Model Recovery 'CLK_50'
Slack : 14.903
TNS   : 0.000

Type  : Slow 1200mV 0C Model Recovery 'D5MPIXCLK'
Slack : 16.100
TNS   : 0.000

Type  : Slow 1200mV 0C Model Removal 'CLK_50'
Slack : 1.435
TNS   : 0.000

Type  : Slow 1200mV 0C Model Removal 'D5MPIXCLK'
Slack : 1.974
TNS   : 0.000

Type  : Slow 1200mV 0C Model Removal 'u6|altpll_component|auto_generated|pll1|clk[0]'
Slack : 4.391
TNS   : 0.000

Type  : Slow 1200mV 0C Model Removal 'u6|altpll_component|auto_generated|pll1|clk[3]'
Slack : 4.419
TNS   : 0.000

Type  : Slow 1200mV 0C Model Removal 'clksrc|altpll_component|auto_generated|pll1|clk[0]'
Slack : 4.447
TNS   : 0.000

Type  : Slow 1200mV 0C Model Minimum Pulse Width 'clksrc|altpll_component|auto_generated|pll1|clk[0]'
Slack : 3.687
TNS   : 0.000

Type  : Slow 1200mV 0C Model Minimum Pulse Width 'u6|altpll_component|auto_generated|pll1|clk[0]'
Slack : 4.681
TNS   : 0.000

Type  : Slow 1200mV 0C Model Minimum Pulse Width 'CLK_50'
Slack : 9.660
TNS   : 0.000

Type  : Slow 1200mV 0C Model Minimum Pulse Width 'CLK2_50'
Slack : 9.799
TNS   : 0.000

Type  : Slow 1200mV 0C Model Minimum Pulse Width 'D5MPIXCLK'
Slack : 19.596
TNS   : 0.000

Type  : Slow 1200mV 0C Model Minimum Pulse Width 'u6|altpll_component|auto_generated|pll1|clk[3]'
Slack : 19.687
TNS   : 0.000

Type  : Slow 1200mV 0C Model Minimum Pulse Width 'D5MFVAL'
Slack : 6662.600
TNS   : 0.000

Type  : Fast 1200mV 0C Model Setup 'D5MPIXCLK'
Slack : -0.492
TNS   : -0.492

Type  : Fast 1200mV 0C Model Setup 'clksrc|altpll_component|auto_generated|pll1|clk[0]'
Slack : 4.436
TNS   : 0.000

Type  : Fast 1200mV 0C Model Setup 'u6|altpll_component|auto_generated|pll1|clk[0]'
Slack : 5.610
TNS   : 0.000

Type  : Fast 1200mV 0C Model Setup 'CLK_50'
Slack : 17.141
TNS   : 0.000

Type  : Fast 1200mV 0C Model Setup 'u6|altpll_component|auto_generated|pll1|clk[3]'
Slack : 18.090
TNS   : 0.000

Type  : Fast 1200mV 0C Model Hold 'D5MPIXCLK'
Slack : -0.315
TNS   : -0.315

Type  : Fast 1200mV 0C Model Hold 'u6|altpll_component|auto_generated|pll1|clk[0]'
Slack : 0.096
TNS   : 0.000

Type  : Fast 1200mV 0C Model Hold 'clksrc|altpll_component|auto_generated|pll1|clk[0]'
Slack : 0.172
TNS   : 0.000

Type  : Fast 1200mV 0C Model Hold 'u6|altpll_component|auto_generated|pll1|clk[3]'
Slack : 0.174
TNS   : 0.000

Type  : Fast 1200mV 0C Model Hold 'CLK_50'
Slack : 0.181
TNS   : 0.000

Type  : Fast 1200mV 0C Model Recovery 'clksrc|altpll_component|auto_generated|pll1|clk[0]'
Slack : 0.294
TNS   : 0.000

Type  : Fast 1200mV 0C Model Recovery 'u6|altpll_component|auto_generated|pll1|clk[0]'
Slack : 6.322
TNS   : 0.000

Type  : Fast 1200mV 0C Model Recovery 'u6|altpll_component|auto_generated|pll1|clk[3]'
Slack : 16.324
TNS   : 0.000

Type  : Fast 1200mV 0C Model Recovery 'CLK_50'
Slack : 17.181
TNS   : 0.000

Type  : Fast 1200mV 0C Model Recovery 'D5MPIXCLK'
Slack : 17.490
TNS   : 0.000

Type  : Fast 1200mV 0C Model Removal 'CLK_50'
Slack : 0.787
TNS   : 0.000

Type  : Fast 1200mV 0C Model Removal 'D5MPIXCLK'
Slack : 0.873
TNS   : 0.000

Type  : Fast 1200mV 0C Model Removal 'u6|altpll_component|auto_generated|pll1|clk[0]'
Slack : 2.677
TNS   : 0.000

Type  : Fast 1200mV 0C Model Removal 'clksrc|altpll_component|auto_generated|pll1|clk[0]'
Slack : 2.682
TNS   : 0.000

Type  : Fast 1200mV 0C Model Removal 'u6|altpll_component|auto_generated|pll1|clk[3]'
Slack : 2.686
TNS   : 0.000

Type  : Fast 1200mV 0C Model Minimum Pulse Width 'clksrc|altpll_component|auto_generated|pll1|clk[0]'
Slack : 3.754
TNS   : 0.000

Type  : Fast 1200mV 0C Model Minimum Pulse Width 'u6|altpll_component|auto_generated|pll1|clk[0]'
Slack : 4.758
TNS   : 0.000

Type  : Fast 1200mV 0C Model Minimum Pulse Width 'CLK_50'
Slack : 9.270
TNS   : 0.000

Type  : Fast 1200mV 0C Model Minimum Pulse Width 'CLK2_50'
Slack : 9.400
TNS   : 0.000

Type  : Fast 1200mV 0C Model Minimum Pulse Width 'D5MPIXCLK'
Slack : 19.084
TNS   : 0.000

Type  : Fast 1200mV 0C Model Minimum Pulse Width 'u6|altpll_component|auto_generated|pll1|clk[3]'
Slack : 19.760
TNS   : 0.000

Type  : Fast 1200mV 0C Model Minimum Pulse Width 'D5MFVAL'
Slack : 6662.600
TNS   : 0.000

------------------------------------------------------------
