------------------------------------------------------------
TimeQuest Timing Analyzer Summary
------------------------------------------------------------

Type  : Slow 1200mV 85C Model Setup 'u6|altpll_component|auto_generated|pll1|clk[0]'
Slack : 1.592
TNS   : 0.000

Type  : Slow 1200mV 85C Model Setup 'clksrc|altpll_component|auto_generated|pll1|clk[0]'
Slack : 3.015
TNS   : 0.000

Type  : Slow 1200mV 85C Model Setup 'D5MPIXCLK'
Slack : 5.079
TNS   : 0.000

Type  : Slow 1200mV 85C Model Setup 'u6|altpll_component|auto_generated|pll1|clk[3]'
Slack : 7.564
TNS   : 0.000

Type  : Slow 1200mV 85C Model Setup 'CLK_50'
Slack : 13.685
TNS   : 0.000

Type  : Slow 1200mV 85C Model Hold 'u6|altpll_component|auto_generated|pll1|clk[0]'
Slack : 0.254
TNS   : 0.000

Type  : Slow 1200mV 85C Model Hold 'u6|altpll_component|auto_generated|pll1|clk[3]'
Slack : 0.326
TNS   : 0.000

Type  : Slow 1200mV 85C Model Hold 'clksrc|altpll_component|auto_generated|pll1|clk[0]'
Slack : 0.385
TNS   : 0.000

Type  : Slow 1200mV 85C Model Hold 'CLK_50'
Slack : 0.402
TNS   : 0.000

Type  : Slow 1200mV 85C Model Hold 'D5MPIXCLK'
Slack : 0.440
TNS   : 0.000

Type  : Slow 1200mV 85C Model Recovery 'clksrc|altpll_component|auto_generated|pll1|clk[0]'
Slack : 2.444
TNS   : 0.000

Type  : Slow 1200mV 85C Model Recovery 'u6|altpll_component|auto_generated|pll1|clk[0]'
Slack : 2.798
TNS   : 0.000

Type  : Slow 1200mV 85C Model Recovery 'D5MPIXCLK'
Slack : 5.015
TNS   : 0.000

Type  : Slow 1200mV 85C Model Recovery 'CLK_50'
Slack : 11.845
TNS   : 0.000

Type  : Slow 1200mV 85C Model Recovery 'u6|altpll_component|auto_generated|pll1|clk[3]'
Slack : 12.633
TNS   : 0.000

Type  : Slow 1200mV 85C Model Removal 'u6|altpll_component|auto_generated|pll1|clk[3]'
Slack : 1.396
TNS   : 0.000

Type  : Slow 1200mV 85C Model Removal 'CLK_50'
Slack : 2.120
TNS   : 0.000

Type  : Slow 1200mV 85C Model Removal 'D5MPIXCLK'
Slack : 3.355
TNS   : 0.000

Type  : Slow 1200mV 85C Model Removal 'u6|altpll_component|auto_generated|pll1|clk[0]'
Slack : 5.434
TNS   : 0.000

Type  : Slow 1200mV 85C Model Removal 'clksrc|altpll_component|auto_generated|pll1|clk[0]'
Slack : 5.696
TNS   : 0.000

Type  : Slow 1200mV 85C Model Minimum Pulse Width 'u6|altpll_component|auto_generated|pll1|clk[0]'
Slack : 4.689
TNS   : 0.000

Type  : Slow 1200mV 85C Model Minimum Pulse Width 'clksrc|altpll_component|auto_generated|pll1|clk[0]'
Slack : 4.702
TNS   : 0.000

Type  : Slow 1200mV 85C Model Minimum Pulse Width 'D5MPIXCLK'
Slack : 9.612
TNS   : 0.000

Type  : Slow 1200mV 85C Model Minimum Pulse Width 'CLK_50'
Slack : 9.645
TNS   : 0.000

Type  : Slow 1200mV 85C Model Minimum Pulse Width 'CLK2_50'
Slack : 9.819
TNS   : 0.000

Type  : Slow 1200mV 85C Model Minimum Pulse Width 'u6|altpll_component|auto_generated|pll1|clk[3]'
Slack : 19.608
TNS   : 0.000

Type  : Slow 1200mV 0C Model Setup 'u6|altpll_component|auto_generated|pll1|clk[0]'
Slack : 2.439
TNS   : 0.000

Type  : Slow 1200mV 0C Model Setup 'clksrc|altpll_component|auto_generated|pll1|clk[0]'
Slack : 3.700
TNS   : 0.000

Type  : Slow 1200mV 0C Model Setup 'D5MPIXCLK'
Slack : 5.409
TNS   : 0.000

Type  : Slow 1200mV 0C Model Setup 'u6|altpll_component|auto_generated|pll1|clk[3]'
Slack : 8.020
TNS   : 0.000

Type  : Slow 1200mV 0C Model Setup 'CLK_50'
Slack : 14.343
TNS   : 0.000

Type  : Slow 1200mV 0C Model Hold 'u6|altpll_component|auto_generated|pll1|clk[0]'
Slack : 0.257
TNS   : 0.000

Type  : Slow 1200mV 0C Model Hold 'u6|altpll_component|auto_generated|pll1|clk[3]'
Slack : 0.326
TNS   : 0.000

Type  : Slow 1200mV 0C Model Hold 'clksrc|altpll_component|auto_generated|pll1|clk[0]'
Slack : 0.339
TNS   : 0.000

Type  : Slow 1200mV 0C Model Hold 'CLK_50'
Slack : 0.353
TNS   : 0.000

Type  : Slow 1200mV 0C Model Hold 'D5MPIXCLK'
Slack : 0.387
TNS   : 0.000

Type  : Slow 1200mV 0C Model Recovery 'clksrc|altpll_component|auto_generated|pll1|clk[0]'
Slack : 3.183
TNS   : 0.000

Type  : Slow 1200mV 0C Model Recovery 'u6|altpll_component|auto_generated|pll1|clk[0]'
Slack : 3.601
TNS   : 0.000

Type  : Slow 1200mV 0C Model Recovery 'D5MPIXCLK'
Slack : 5.422
TNS   : 0.000

Type  : Slow 1200mV 0C Model Recovery 'CLK_50'
Slack : 12.674
TNS   : 0.000

Type  : Slow 1200mV 0C Model Recovery 'u6|altpll_component|auto_generated|pll1|clk[3]'
Slack : 13.454
TNS   : 0.000

Type  : Slow 1200mV 0C Model Removal 'u6|altpll_component|auto_generated|pll1|clk[3]'
Slack : 1.261
TNS   : 0.000

Type  : Slow 1200mV 0C Model Removal 'CLK_50'
Slack : 1.941
TNS   : 0.000

Type  : Slow 1200mV 0C Model Removal 'D5MPIXCLK'
Slack : 2.927
TNS   : 0.000

Type  : Slow 1200mV 0C Model Removal 'u6|altpll_component|auto_generated|pll1|clk[0]'
Slack : 4.790
TNS   : 0.000

Type  : Slow 1200mV 0C Model Removal 'clksrc|altpll_component|auto_generated|pll1|clk[0]'
Slack : 5.092
TNS   : 0.000

Type  : Slow 1200mV 0C Model Minimum Pulse Width 'u6|altpll_component|auto_generated|pll1|clk[0]'
Slack : 4.681
TNS   : 0.000

Type  : Slow 1200mV 0C Model Minimum Pulse Width 'clksrc|altpll_component|auto_generated|pll1|clk[0]'
Slack : 4.691
TNS   : 0.000

Type  : Slow 1200mV 0C Model Minimum Pulse Width 'CLK_50'
Slack : 9.628
TNS   : 0.000

Type  : Slow 1200mV 0C Model Minimum Pulse Width 'D5MPIXCLK'
Slack : 9.654
TNS   : 0.000

Type  : Slow 1200mV 0C Model Minimum Pulse Width 'CLK2_50'
Slack : 9.799
TNS   : 0.000

Type  : Slow 1200mV 0C Model Minimum Pulse Width 'u6|altpll_component|auto_generated|pll1|clk[3]'
Slack : 19.642
TNS   : 0.000

Type  : Fast 1200mV 0C Model Setup 'u6|altpll_component|auto_generated|pll1|clk[0]'
Slack : 5.436
TNS   : 0.000

Type  : Fast 1200mV 0C Model Setup 'clksrc|altpll_component|auto_generated|pll1|clk[0]'
Slack : 6.598
TNS   : 0.000

Type  : Fast 1200mV 0C Model Setup 'D5MPIXCLK'
Slack : 7.135
TNS   : 0.000

Type  : Fast 1200mV 0C Model Setup 'u6|altpll_component|auto_generated|pll1|clk[3]'
Slack : 8.801
TNS   : 0.000

Type  : Fast 1200mV 0C Model Setup 'CLK_50'
Slack : 16.733
TNS   : 0.000

Type  : Fast 1200mV 0C Model Hold 'u6|altpll_component|auto_generated|pll1|clk[0]'
Slack : 0.078
TNS   : 0.000

Type  : Fast 1200mV 0C Model Hold 'clksrc|altpll_component|auto_generated|pll1|clk[0]'
Slack : 0.104
TNS   : 0.000

Type  : Fast 1200mV 0C Model Hold 'u6|altpll_component|auto_generated|pll1|clk[3]'
Slack : 0.108
TNS   : 0.000

Type  : Fast 1200mV 0C Model Hold 'CLK_50'
Slack : 0.181
TNS   : 0.000

Type  : Fast 1200mV 0C Model Hold 'D5MPIXCLK'
Slack : 0.199
TNS   : 0.000

Type  : Fast 1200mV 0C Model Recovery 'u6|altpll_component|auto_generated|pll1|clk[0]'
Slack : 6.093
TNS   : 0.000

Type  : Fast 1200mV 0C Model Recovery 'clksrc|altpll_component|auto_generated|pll1|clk[0]'
Slack : 6.102
TNS   : 0.000

Type  : Fast 1200mV 0C Model Recovery 'D5MPIXCLK'
Slack : 7.816
TNS   : 0.000

Type  : Fast 1200mV 0C Model Recovery 'CLK_50'
Slack : 15.717
TNS   : 0.000

Type  : Fast 1200mV 0C Model Recovery 'u6|altpll_component|auto_generated|pll1|clk[3]'
Slack : 16.005
TNS   : 0.000

Type  : Fast 1200mV 0C Model Removal 'u6|altpll_component|auto_generated|pll1|clk[3]'
Slack : 0.680
TNS   : 0.000

Type  : Fast 1200mV 0C Model Removal 'CLK_50'
Slack : 0.998
TNS   : 0.000

Type  : Fast 1200mV 0C Model Removal 'D5MPIXCLK'
Slack : 1.879
TNS   : 0.000

Type  : Fast 1200mV 0C Model Removal 'clksrc|altpll_component|auto_generated|pll1|clk[0]'
Slack : 2.857
TNS   : 0.000

Type  : Fast 1200mV 0C Model Removal 'u6|altpll_component|auto_generated|pll1|clk[0]'
Slack : 2.891
TNS   : 0.000

Type  : Fast 1200mV 0C Model Minimum Pulse Width 'clksrc|altpll_component|auto_generated|pll1|clk[0]'
Slack : 4.756
TNS   : 0.000

Type  : Fast 1200mV 0C Model Minimum Pulse Width 'u6|altpll_component|auto_generated|pll1|clk[0]'
Slack : 4.758
TNS   : 0.000

Type  : Fast 1200mV 0C Model Minimum Pulse Width 'D5MPIXCLK'
Slack : 9.092
TNS   : 0.000

Type  : Fast 1200mV 0C Model Minimum Pulse Width 'CLK_50'
Slack : 9.272
TNS   : 0.000

Type  : Fast 1200mV 0C Model Minimum Pulse Width 'CLK2_50'
Slack : 9.400
TNS   : 0.000

Type  : Fast 1200mV 0C Model Minimum Pulse Width 'u6|altpll_component|auto_generated|pll1|clk[3]'
Slack : 19.758
TNS   : 0.000

------------------------------------------------------------
